TARGET_CLASS,configuration_id,criterion,ctg_min_time_per_job,ctg_schedule,search_budget,p_object_pool,ctg_time_per_class,Size,Length,Total_Time,Random_Seed,LineCoverage,LineCoverageBitString,BranchCoverage,BranchCoverageBitString,ExceptionCoverage,ExceptionCoverageBitString,Explicit_MethodExceptions,Explicit_TypeExceptions,Implicit_MethodExceptions,Implicit_TypeExceptions,WeakMutationScore,WeakMutationCoverageBitString,OutputCoverage,OutputCoverageBitString,MethodCoverage,MethodCoverageBitString,MethodNoExceptionCoverage,MethodNoExceptionCoverageBitString,CBranchCoverage,CBranchCoverageBitString
microwave.Microwave,default,LINE;BRANCH;EXCEPTION;WEAKMUTATION;OUTPUT;METHOD;METHODNOEXCEPTION;CBRANCH,1,BUDGET,51,0.3,2,32,157,67660,1526911589582,0.972972972972973,1111111111111111111101111111111111111,0.9615384615384616,11111111111111111011111111,1.0,1111111111,2,1,8,1,0.9452054794520548,1111111111111111111111001111101111111111111111111111111111111110111111111,0.5882352941176471,01001000111111011,1.0,111111111111111,1.0,111111111111111,0.9615384615384616,11111111111111110111111111
